<xarray.DataArray 'Spectral_Temporal_Stack' (time: 6, band: 10, y: 470, x: 1277)> Size: 288MB
dask.array<transpose, shape=(6, 10, 470, 1277), dtype=float64, chunksize=(1, 1, 470, 1277), chunktype=numpy.ndarray>
Coordinates:
  * time         (time) datetime64[ns] 48B 2024-04-04T05:57:37.074000 ... 202...
    spatial_ref  int32 4B 32643
  * y            (y) float64 4kB 4.583e+06 4.583e+06 ... 4.578e+06 4.578e+06
  * x            (x) float64 10kB 5.344e+05 5.344e+05 ... 5.471e+05 5.471e+05
  * band         (band) <U8 320B 'coastal' 'blue' 'red' ... 'swir16' 'swir22'
Attributes:
    crs:        PROJCRS["WGS 84 / UTM zone 43N",BASEGEOGCRS["WGS 84",ENSEMBLE...
    transform:  | 10.00, 0.00, 534360.00|\n| 0.00,-10.00, 4582960.00|\n| 0.00...
<xarray.DataArray 'Spectral_Temporal_Stack' (time: 6, band: 10, y: 470, x: 1277)> Size: 288MB
dask.array<transpose, shape=(6, 10, 470, 1277), dtype=float64, chunksize=(1, 1, 470, 1277), chunktype=numpy.ndarray>
Coordinates:
  * time         (time) datetime64[ns] 48B 2024-04-04T05:57:37.074000 ... 202...
    spatial_ref  int32 4B 32643
  * y            (y) float64 4kB 4.583e+06 4.583e+06 ... 4.578e+06 4.578e+06
  * x            (x) float64 10kB 5.344e+05 5.344e+05 ... 5.471e+05 5.471e+05
  * band         (band) <U8 320B 'coastal' 'blue' 'red' ... 'swir16' 'swir22'
Attributes:
    crs:        PROJCRS["WGS 84 / UTM zone 43N",BASEGEOGCRS["WGS 84",ENSEMBLE...
    transform:  | 10.00, 0.00, 534360.00|\n| 0.00,-10.00, 4582960.00|\n| 0.00...
Processed time slice: 1/6 (time: 2024-04-04T05:57:37.074000000)
Processed time slice: 2/6 (time: 2024-04-09T05:57:38.913000000)
Processed time slice: 3/6 (time: 2024-04-14T05:57:39.972000000)
Processed time slice: 4/6 (time: 2024-04-19T05:57:42.507000000)
Processed time slice: 5/6 (time: 2024-04-24T05:57:38.294000000)
Processed time slice: 6/6 (time: 2024-04-29T05:57:41.842000000)
Export is done: /dss/dsstbyfs02/pr94no/pr94no-dss-0001/drylands/results/masking_test_cloud3.nc
